// Jest Snapshot v1, https://goo.gl/fbAQLP

exports[`lib/qti-components/qti-interaction/qti-graphic-gap-match-interaction Default smoke-test 1`] = `
<div id="root-inner">
  <qti-graphic-gap-match-interaction class="qti-choices-top qti-selections-dark"
                                     response-identifier="RESPONSE"
                                     shuffle="false"
                                     min-associations="0"
                                     max-associations="4"
                                     data-choices-container-width="376"
  >
    <img alt="timeline from 1939 to 1991"
         src="qti-graphic-gap-match-interaction/timeline-558.png"
         height="326"
         width="558"
    >
    <qti-gap-img identifier="DraggerA"
                 match-max="1"
                 qti-draggable="true"
                 slot="qti-gap-img"
    >
      <img src="qti-graphic-gap-match-interaction/a-cw.png"
           alt="Choice A, The Cold War Ends"
           height="63"
           width="78"
      >
    </qti-gap-img>
    <qti-gap-img identifier="DraggerB"
                 match-max="1"
                 qti-draggable="true"
                 slot="qti-gap-img"
    >
      <img src="qti-graphic-gap-match-interaction/b-ww2.png"
           alt="Choice B, World War 2 Ends"
           height="63"
           width="78"
      >
    </qti-gap-img>
    <qti-gap-img identifier="DraggerC"
                 match-max="1"
                 qti-draggable="true"
                 slot="qti-gap-img"
    >
      <img src="qti-graphic-gap-match-interaction/c-vietnam.png"
           alt="Choice C, Vietnam Conflict Ends"
           height="63"
           width="78"
      >
    </qti-gap-img>
    <qti-gap-img identifier="DraggerD"
                 match-max="1"
                 qti-draggable="true"
                 slot="qti-gap-img"
    >
      <img src="qti-graphic-gap-match-interaction/d-bay.png"
           alt="Choice D, Bay of Pigs"
           height="63"
           width="78"
      >
    </qti-gap-img>
    <qti-associable-hotspot coords="55,256,133,319"
                            identifier="A"
                            match-max="1"
                            shape="rect"
                            dropzone="move"
                            style="left: 55px; top: 256px; width: 78px; height: 63px;"
    >
    </qti-associable-hotspot>
    <qti-associable-hotspot coords="190,256,268,319"
                            identifier="B"
                            match-max="1"
                            shape="rect"
                            dropzone="move"
                            style="left: 190px; top: 256px; width: 78px; height: 63px;"
    >
    </qti-associable-hotspot>
    <qti-associable-hotspot coords="309,256,387,319"
                            identifier="C"
                            match-max="1"
                            shape="rect"
                            dropzone="move"
                            style="left: 309px; top: 256px; width: 78px; height: 63px;"
    >
    </qti-associable-hotspot>
    <qti-associable-hotspot coords="450,256,528,319"
                            identifier="D"
                            match-max="1"
                            shape="rect"
                            dropzone="move"
                            style="left: 450px; top: 256px; width: 78px; height: 63px;"
    >
    </qti-associable-hotspot>
  </qti-graphic-gap-match-interaction>
</div>
`;
