// Jest Snapshot v1, https://goo.gl/fbAQLP

exports[`lib/qti-components/qti-response-processing/qti-rule/qti-set-outcome-value MemberFail play-test 1`] = `
<div id="root-inner">
  <qti-assessment-item data-testid="qti-assessment-item">
    <qti-outcome-declaration base-type="identifier"
                             cardinality="multiple"
                             identifier="BODY"
    >
      <qti-default-value>
        <qti-value>
          part1
        </qti-value>
      </qti-default-value>
    </qti-outcome-declaration>
    <qti-response-processing>
      <qti-set-outcome-value identifier="BODY">
        <qti-multiple>
          <qti-variable identifier="BODY">
          </qti-variable>
          <qti-base-value base-type="identifier">
            part2
          </qti-base-value>
        </qti-multiple>
      </qti-set-outcome-value>
    </qti-response-processing>
  </qti-assessment-item>
</div>
`;
