// Jest Snapshot v1, https://goo.gl/fbAQLP

exports[`lib/qti-components/qti-interaction/qti-hotspot-interaction Circle smoke-test 1`] = `
<div id="root-inner">
  <qti-hotspot-interaction max-choices="0"
                           response-identifier="RESPONSE1"
  >
    <img src="qti-hotspot-interaction/uk.png"
         height="280"
         width="206"
    >
    <qti-hotspot-choice coords="77,115,10"
                        identifier="A"
                        shape="circle"
                        role="checkbox"
                        tabindex="0"
                        aria-disabled="false"
                        aria-readonly="false"
                        aria-checked="false"
                        style="left: 32.5243%; top: 36.2171%; height: 19.4175px; width: 19.4175px; border-radius: 9999px;"
    >
    </qti-hotspot-choice>
    <qti-hotspot-choice coords="118,184,10"
                        identifier="B"
                        shape="circle"
                        role="checkbox"
                        tabindex="0"
                        aria-disabled="false"
                        aria-readonly="false"
                        aria-checked="false"
                        style="left: 52.4272%; top: 60.8599%; height: 19.4175px; width: 19.4175px; border-radius: 9999px;"
    >
    </qti-hotspot-choice>
    <qti-hotspot-choice coords="150,235,10"
                        identifier="C"
                        shape="circle"
                        role="checkbox"
                        tabindex="0"
                        aria-disabled="false"
                        aria-readonly="false"
                        aria-checked="false"
                        style="left: 67.9612%; top: 79.0742%; height: 19.4175px; width: 19.4175px; border-radius: 9999px;"
    >
    </qti-hotspot-choice>
    <qti-hotspot-choice coords="96,114,10"
                        identifier="D"
                        shape="circle"
                        role="checkbox"
                        tabindex="0"
                        aria-disabled="false"
                        aria-readonly="false"
                        aria-checked="false"
                        style="left: 41.7476%; top: 35.8599%; height: 19.4175px; width: 19.4175px; border-radius: 9999px;"
    >
    </qti-hotspot-choice>
  </qti-hotspot-interaction>
</div>
`;

exports[`lib/qti-components/qti-interaction/qti-hotspot-interaction Poly smoke-test 1`] = `
<div id="root-inner">
  <qti-hotspot-interaction response-identifier="RESPONSE"
                           min-choices="1"
                           max-choices="16"
  >
    <img src="/qti-hotspot-interaction/VH5BG1e_v2.png"
         width="602"
         height="452"
    >
    <qti-hotspot-choice identifier="A"
                        coords="288,219,251,183,215,147,179,110,142,74,129,89,117,105,106,122,97,140,145,160,192,180,240,200,288,219"
                        shape="poly"
                        role="checkbox"
                        tabindex="0"
                        aria-disabled="false"
                        aria-readonly="false"
                        aria-checked="false"
                        style="left: 16.113%; top: 16.3717%; width: 31.7276%; height: 32.0796%; clip-path: polygon(100% 100%, 81% 75%, 62% 50%, 43% 25%, 24% 0%, 17% 10%, 10% 21%, 5% 33%, 0% 46%, 25% 59%, 50% 73%, 75% 87%, 100% 100%);"
    >
    </qti-hotspot-choice>
    <qti-hotspot-choice identifier="B"
                        coords="306,227,354,247,402,267,450,286,498,306,504,287,509,268,512,248,513,227,461,227,409,227,358,227,306,227"
                        shape="poly"
                        role="checkbox"
                        tabindex="0"
                        aria-disabled="false"
                        aria-readonly="false"
                        aria-checked="false"
                        style="left: 50.8306%; top: 50.2212%; width: 34.3854%; height: 17.4779%; clip-path: polygon(0% 0%, 23% 25%, 46% 51%, 70% 75%, 93% 100%, 96% 76%, 98% 52%, 100% 27%, 100% 0%, 75% 0%, 50% 0%, 25% 0%, 0% 0%);"
    >
    </qti-hotspot-choice>
    <qti-hotspot-choice identifier="C"
                        coords="304,230,341,267,378,304,415,341,451,378,465,362,477,346,487,328,496,310,448,290,400,270,352,250,304,230"
                        shape="poly"
                        role="checkbox"
                        tabindex="0"
                        aria-disabled="false"
                        aria-readonly="false"
                        aria-checked="false"
                        style="left: 50.4983%; top: 50.885%; width: 31.8937%; height: 32.7434%; clip-path: polygon(0% 0%, 19% 25%, 39% 50%, 58% 75%, 77% 100%, 84% 89%, 90% 78%, 95% 66%, 100% 54%, 75% 41%, 50% 27%, 25% 14%, 0% 0%);"
    >
    </qti-hotspot-choice>
    <qti-hotspot-choice identifier="D"
                        coords="306,223,358,223,409,223,461,223,513,223,511,202,508,182,503,163,496,144,449,164,401,183,354,203,306,223"
                        shape="poly"
                        role="checkbox"
                        tabindex="0"
                        aria-disabled="false"
                        aria-readonly="false"
                        aria-checked="false"
                        style="left: 50.8306%; top: 31.8584%; width: 34.3854%; height: 17.4779%; clip-path: polygon(0% 100%, 25% 100%, 50% 100%, 75% 100%, 100% 100%, 99% 73%, 98% 48%, 95% 24%, 92% 0%, 69% 25%, 46% 49%, 23% 75%, 0% 100%);"
    >
    </qti-hotspot-choice>
    <qti-hotspot-choice identifier="E"
                        coords="290,233,254,270,217,307,180,344,143,380,158,394,175,406,192,417,211,426,231,378,251,330,270,281,290,233"
                        shape="poly"
                        role="checkbox"
                        tabindex="0"
                        aria-disabled="false"
                        aria-readonly="false"
                        aria-checked="false"
                        style="left: 23.7542%; top: 51.5487%; width: 24.4186%; height: 42.6991%; clip-path: polygon(100% 0%, 76% 19%, 50% 38%, 25% 58%, 0% 76%, 10% 83%, 22% 90%, 33% 95%, 46% 100%, 60% 75%, 73% 50%, 86% 25%, 100% 0%);"
    >
    </qti-hotspot-choice>
    <qti-hotspot-choice identifier="F"
                        coords="302,233,322,281,341,330,361,378,381,426,400,417,417,406,434,394,449,380,412,344,375,307,338,270,302,233"
                        shape="poly"
                        role="checkbox"
                        tabindex="0"
                        aria-disabled="false"
                        aria-readonly="false"
                        aria-checked="false"
                        style="left: 50.1661%; top: 51.5487%; width: 24.4186%; height: 42.6991%; clip-path: polygon(0% 0%, 14% 25%, 27% 50%, 40% 75%, 54% 100%, 67% 95%, 78% 90%, 90% 83%, 100% 76%, 75% 58%, 50% 38%, 24% 19%, 0% 0%);"
    >
    </qti-hotspot-choice>
    <qti-hotspot-choice identifier="G"
                        coords="294,235,274,283,254,331,234,379,214,427,233,434,253,439,273,442,294,443,294,391,294,339,294,287,294,235"
                        shape="poly"
                        role="checkbox"
                        tabindex="0"
                        aria-disabled="false"
                        aria-readonly="false"
                        aria-checked="false"
                        style="left: 35.5482%; top: 51.9912%; width: 13.289%; height: 46.0177%; clip-path: polygon(100% 0%, 75% 23%, 50% 46%, 25% 69%, 0% 92%, 24% 96%, 49% 98%, 74% 100%, 100% 100%, 100% 75%, 100% 50%, 100% 25%, 100% 0%);"
    >
    </qti-hotspot-choice>
    <qti-hotspot-choice identifier="H"
                        coords="298,235,298,287,298,339,298,391,298,443,319,442,339,439,359,434,378,427,358,379,338,331,318,283,298,235"
                        shape="poly"
                        role="checkbox"
                        tabindex="0"
                        aria-disabled="false"
                        aria-readonly="false"
                        aria-checked="false"
                        style="left: 49.5017%; top: 51.9912%; width: 13.289%; height: 46.0177%; clip-path: polygon(0% 0%, 0% 25%, 0% 50%, 0% 75%, 0% 100%, 26% 100%, 51% 98%, 76% 96%, 100% 92%, 75% 69%, 50% 46%, 25% 23%, 0% 0%);"
    >
    </qti-hotspot-choice>
    <qti-hotspot-choice identifier="I"
                        coords="286,227,234,227,183,227,131,227,79,227,80,248,83,268,88,287,94,306,142,286,190,267,238,247,286,227"
                        shape="poly"
                        role="checkbox"
                        tabindex="0"
                        aria-disabled="false"
                        aria-readonly="false"
                        aria-checked="false"
                        style="left: 13.1229%; top: 50.2212%; width: 34.3854%; height: 17.4779%; clip-path: polygon(100% 0%, 75% 0%, 50% 0%, 25% 0%, 0% 0%, 0% 27%, 2% 52%, 4% 76%, 7% 100%, 30% 75%, 54% 51%, 77% 25%, 100% 0%);"
    >
    </qti-hotspot-choice>
    <qti-hotspot-choice identifier="J"
                        coords="286,223,238,203,191,183,143,164,96,144,89,163,84,182,81,202,79,223,131,223,183,223,234,223,286,223"
                        shape="poly"
                        role="checkbox"
                        tabindex="0"
                        aria-disabled="false"
                        aria-readonly="false"
                        aria-checked="false"
                        style="left: 13.1229%; top: 31.8584%; width: 34.3854%; height: 17.4779%; clip-path: polygon(100% 100%, 77% 75%, 54% 49%, 31% 25%, 8% 0%, 5% 24%, 2% 48%, 1% 73%, 0% 100%, 25% 100%, 50% 100%, 75% 100%, 100% 100%);"
    >
    </qti-hotspot-choice>
    <qti-hotspot-choice identifier="K"
                        coords="294,10,273,11,253,14,234,19,215,25,235,73,255,120,274,168,294,215,294,164,294,112,294,61,294,10"
                        shape="poly"
                        role="checkbox"
                        tabindex="0"
                        aria-disabled="false"
                        aria-readonly="false"
                        aria-checked="false"
                        style="left: 35.7143%; top: 2.21239%; width: 13.1229%; height: 45.354%; clip-path: polygon(100% 0%, 73% 0%, 48% 2%, 24% 4%, 0% 7%, 25% 31%, 51% 54%, 75% 77%, 100% 100%, 100% 75%, 100% 50%, 100% 25%, 100% 0%);"
    >
    </qti-hotspot-choice>
    <qti-hotspot-choice identifier="L"
                        coords="495,140,486,122,475,105,463,89,450,74,413,110,377,147,341,183,304,219,352,200,400,180,447,160,495,140"
                        shape="poly"
                        role="checkbox"
                        tabindex="0"
                        aria-disabled="false"
                        aria-readonly="false"
                        aria-checked="false"
                        style="left: 50.4983%; top: 16.3717%; width: 31.7276%; height: 32.0796%; clip-path: polygon(100% 46%, 95% 33%, 90% 21%, 83% 10%, 76% 0%, 57% 25%, 38% 50%, 19% 75%, 0% 100%, 25% 87%, 50% 73%, 75% 59%, 100% 46%);"
    >
    </qti-hotspot-choice>
    <qti-hotspot-choice identifier="M"
                        coords="302,216,338,180,374,144,411,107,447,71,432,58,416,46,399,35,380,27,361,74,341,122,321,169,302,216"
                        shape="poly"
                        role="checkbox"
                        tabindex="0"
                        aria-disabled="false"
                        aria-readonly="false"
                        aria-checked="false"
                        style="left: 50.1661%; top: 5.97345%; width: 24.0864%; height: 41.8142%; clip-path: polygon(0% 100%, 25% 81%, 50% 62%, 75% 42%, 100% 23%, 90% 16%, 79% 10%, 67% 4%, 54% 0%, 41% 25%, 27% 50%, 13% 75%, 0% 100%);"
    >
    </qti-hotspot-choice>
    <qti-hotspot-choice identifier="N"
                        coords="298,215,318,168,337,120,357,73,377,25,358,19,339,14,319,11,298,10,298,61,298,112,298,164,298,215"
                        shape="poly"
                        role="checkbox"
                        tabindex="0"
                        aria-disabled="false"
                        aria-readonly="false"
                        aria-checked="false"
                        style="left: 49.5017%; top: 2.21239%; width: 13.1229%; height: 45.354%; clip-path: polygon(0% 100%, 25% 77%, 49% 54%, 75% 31%, 100% 7%, 76% 4%, 52% 2%, 27% 0%, 0% 0%, 0% 25%, 0% 50%, 0% 75%, 0% 100%);"
    >
    </qti-hotspot-choice>
    <qti-hotspot-choice identifier="O"
                        coords="290,216,271,169,251,122,231,74,212,27,193,35,176,46,160,58,145,71,181,107,218,144,254,180,290,216"
                        shape="poly"
                        role="checkbox"
                        tabindex="0"
                        aria-disabled="false"
                        aria-readonly="false"
                        aria-checked="false"
                        style="left: 24.0864%; top: 5.97345%; width: 24.0864%; height: 41.8142%; clip-path: polygon(100% 100%, 87% 75%, 73% 50%, 59% 25%, 46% 0%, 33% 4%, 21% 10%, 10% 16%, 0% 23%, 25% 42%, 50% 62%, 75% 81%, 100% 100%);"
    >
    </qti-hotspot-choice>
    <qti-hotspot-choice identifier="P"
                        coords="288,230,240,250,192,270,144,290,96,310,105,328,115,346,127,362,141,378,177,341,214,304,251,267,288,230"
                        shape="poly"
                        role="checkbox"
                        tabindex="0"
                        aria-disabled="false"
                        aria-readonly="false"
                        aria-checked="false"
                        style="left: 15.9468%; top: 50.885%; width: 31.8937%; height: 32.7434%; clip-path: polygon(100% 0%, 75% 14%, 50% 27%, 25% 41%, 0% 54%, 5% 66%, 10% 78%, 16% 89%, 23% 100%, 42% 75%, 61% 50%, 81% 25%, 100% 0%);"
    >
    </qti-hotspot-choice>
  </qti-hotspot-interaction>
</div>
`;

exports[`lib/qti-components/qti-interaction/qti-hotspot-interaction Rect smoke-test 1`] = `
<div id="root-inner">
  <qti-hotspot-interaction response-identifier="RESPONSE3"
                           max-choices="0"
                           min-choices="0"
  >
    <qti-prompt>
      <strong>
        Cliquer sur le nom des organes où passent les aliments.
      </strong>
    </qti-prompt>
    <img src="/qti-hotspot-interaction/hotspot.PNG"
         width="688"
         height="558"
    >
    <qti-hotspot-choice identifier="hotspot_1"
                        shape="rect"
                        coords="484,68,655,112"
                        role="checkbox"
                        tabindex="0"
                        aria-disabled="false"
                        aria-readonly="false"
                        aria-checked="false"
                        style="left: 70.3488%; top: 12.1864%; width: 24.8547%; height: 7.8853%;"
    >
    </qti-hotspot-choice>
    <qti-hotspot-choice identifier="hotspot_2"
                        shape="rect"
                        coords="18,67,190,112"
                        role="checkbox"
                        tabindex="0"
                        aria-disabled="false"
                        aria-readonly="false"
                        aria-checked="false"
                        style="left: 2.61628%; top: 12.0072%; width: 25%; height: 8.06452%;"
    >
    </qti-hotspot-choice>
    <qti-hotspot-choice identifier="hotspot_3"
                        shape="rect"
                        coords="19,178,191,221"
                        role="checkbox"
                        tabindex="0"
                        aria-disabled="false"
                        aria-readonly="false"
                        aria-checked="false"
                        style="left: 2.76163%; top: 31.8996%; width: 25%; height: 7.70609%;"
    >
    </qti-hotspot-choice>
    <qti-hotspot-choice identifier="hotspot_4"
                        shape="rect"
                        coords="19,281,191,327"
                        role="checkbox"
                        tabindex="0"
                        aria-disabled="false"
                        aria-readonly="false"
                        aria-checked="false"
                        style="left: 2.76163%; top: 50.3584%; width: 25%; height: 8.24373%;"
    >
    </qti-hotspot-choice>
    <qti-hotspot-choice identifier="hotspot_5"
                        shape="rect"
                        coords="18,380,191,426"
                        role="checkbox"
                        tabindex="0"
                        aria-disabled="false"
                        aria-readonly="false"
                        aria-checked="false"
                        style="left: 2.61628%; top: 68.1004%; width: 25.1453%; height: 8.24373%;"
    >
    </qti-hotspot-choice>
    <qti-hotspot-choice identifier="hotspot_6"
                        shape="rect"
                        coords="482,144,656,191"
                        role="checkbox"
                        tabindex="0"
                        aria-disabled="false"
                        aria-readonly="false"
                        aria-checked="false"
                        style="left: 70.0581%; top: 25.8065%; width: 25.2907%; height: 8.42294%;"
    >
    </qti-hotspot-choice>
    <qti-hotspot-choice identifier="hotspot_7"
                        shape="rect"
                        coords="483,224,657,269"
                        role="checkbox"
                        tabindex="0"
                        aria-disabled="false"
                        aria-readonly="false"
                        aria-checked="false"
                        style="left: 70.2035%; top: 40.1434%; width: 25.2907%; height: 8.06452%;"
    >
    </qti-hotspot-choice>
    <qti-hotspot-choice identifier="hotspot_8"
                        shape="rect"
                        coords="482,303,657,348"
                        role="checkbox"
                        tabindex="0"
                        aria-disabled="false"
                        aria-readonly="false"
                        aria-checked="false"
                        style="left: 70.0581%; top: 54.3011%; width: 25.436%; height: 8.06452%;"
    >
    </qti-hotspot-choice>
    <qti-hotspot-choice identifier="hotspot_9"
                        shape="rect"
                        coords="484,380,656,425"
                        role="checkbox"
                        tabindex="0"
                        aria-disabled="false"
                        aria-readonly="false"
                        aria-checked="false"
                        style="left: 70.3488%; top: 68.1004%; width: 25%; height: 8.06452%;"
    >
    </qti-hotspot-choice>
  </qti-hotspot-interaction>
</div>
`;
