// Jest Snapshot v1, https://goo.gl/fbAQLP

exports[`items Items smoke-test 1`] = `
<div id="root-inner">
  <div>
    <qti-assessment-item xmlns="http://www.w3.org/1999/xhtml"
                         xmlns:xsi="http://www.w3.org/2001/XMLSchema-instance"
                         xsi:schemalocation="http://www.imsglobal.org/xsd/imsqtiasi_v3p0 https://purl.imsglobal.org/spec/qti/v3p0/schema/xsd/imsqti_asiv3p0_v1p0.xsd"
                         title="32llxx"
                         identifier="ITM-32llxx"
                         time-dependent="false"
                         label="32llxx"
    >
      <qti-stylesheet href="http://localhost:6006/api/biologie/depitems/..%2Fcss%2Fcito_itemstyle.css"
                      type="text/css"
      >
      </qti-stylesheet>
      <qti-stylesheet href="http://localhost:6006/api/biologie/depitems/..%2Fcss%2Fcito_userstyle.css"
                      type="text/css"
      >
      </qti-stylesheet>
      <qti-stylesheet href="http://localhost:6006/api/biologie/depitems/..%2Fcss%2Fcito_generated.css"
                      type="text/css"
      >
      </qti-stylesheet>
      <qti-item-body class="defaultBody">
        <div class="content">
          <div class="qti-layout-row">
            <div class="qti-layout-col12">
              <p>
                <strong>
                  Let op!
                </strong>
              </p>
              <p>
                Dit centraal examen bevat één of meer onvolkomenheden.
              </p>
              <table class="cito_genclass_Infoscherm_onvolkomenheden_2022_-_examenvariant_1_1">
                <colgroup>
                  <col class="cito_genclass_Infoscherm_onvolkomenheden_2022_-_examenvariant_1_2">
                  <col class="cito_genclass_Infoscherm_onvolkomenheden_2022_-_examenvariant_1_3">
                </colgroup>
                <tbody>
                  <tr>
                    <td class="cito_genclass_Infoscherm_onvolkomenheden_2022_-_examenvariant_1_4">
                      <p class="cito_genclass_Infoscherm_onvolkomenheden_2022_-_examenvariant_1_5">
                        <strong>
                          Vraagnummer
                        </strong>
                      </p>
                    </td>
                    <td class="cito_genclass_Infoscherm_onvolkomenheden_2022_-_examenvariant_1_6">
                      <p class="cito_genclass_Infoscherm_onvolkomenheden_2022_-_examenvariant_1_7">
                        <strong>
                          Aard van de onvolkomenheid
                        </strong>
                      </p>
                    </td>
                  </tr>
                  <tr>
                    <td class="cito_genclass_Infoscherm_onvolkomenheden_2022_-_examenvariant_1_8">
                      <p class="cito_genclass_Infoscherm_onvolkomenheden_2022_-_examenvariant_1_9">
                        18
                      </p>
                    </td>
                    <td class="cito_genclass_Infoscherm_onvolkomenheden_2022_-_examenvariant_1_10">
                      <p class="cito_genclass_Infoscherm_onvolkomenheden_2022_-_examenvariant_1_11">
                        Uitwendig behoort tot KB deel van de syllabus. Besloten is om hiervoor te compenseren.
                      </p>
                    </td>
                  </tr>
                </tbody>
              </table>
              <p>
              </p>
            </div>
          </div>
        </div>
      </qti-item-body>
      <link rel="stylesheet"
            type="text/css"
            media="screen"
            href="http://localhost:6006/api/biologie/depitems/..%2Fcss%2Fcito_itemstyle.css"
      >
      <style media="screen">
      </style>
      <link rel="stylesheet"
            type="text/css"
            media="screen"
            href="http://localhost:6006/api/biologie/depitems/..%2Fcss%2Fcito_userstyle.css"
      >
      <style media="screen">
      </style>
      <link rel="stylesheet"
            type="text/css"
            media="screen"
            href="http://localhost:6006/api/biologie/depitems/..%2Fcss%2Fcito_generated.css"
      >
      <style media="screen">
      </style>
    </qti-assessment-item>
  </div>
</div>
`;
